$ vitest run tests/client-diagrams.spec.tsx -t 'pending external render'

 RUN  v4.1.11 /Users/pc2026/DSH-Space/dsh-md-preview

 ❯ tests/client-diagrams.spec.tsx (5 tests | 1 failed | 4 skipped) 110ms
     × waits for a pending external render and confines its late nodes to the released body 108ms

⎯⎯⎯⎯⎯⎯⎯ Failed Tests 1 ⎯⎯⎯⎯⎯⎯⎯

 FAIL  tests/client-diagrams.spec.tsx > diagram pass > waits for a pending external render and confines its late nodes to the released body
AssertionError: expected true to be false // Object.is equality

- Expected
+ Received

- false
+ true

 ❯ tests/client-diagrams.spec.tsx:61:23
     59|     await act(async () => { for (let i = 0; i < 6; i += 1) await Promi…
     60|     try {
     61|       expect(stopped).toBe(false)
       |                       ^
     62|       expect(renderParent).toBeInstanceOf(HTMLElement)
     63|     } finally { await act(async () => { finish(); await disposal }) }

⎯⎯⎯⎯⎯⎯⎯⎯⎯⎯⎯⎯⎯⎯⎯⎯⎯⎯⎯⎯⎯⎯⎯⎯[1/1]⎯


 Test Files  1 failed (1)
      Tests  1 failed | 4 skipped (5)
   Start at  17:51:43
   Duration  2.01s (transform 876ms, setup 0ms, import 1.39s, tests 110ms, environment 421ms)

[ELIFECYCLE] Test failed. See above for more details.
